<html>
<body>
<pre>
<h1>礦ision Build Log</h1>
<h2>Tool Versions:</h2>
IDE-Version: μVision V5.30.0.0
Copyright (C) 2020 ARM Ltd and ARM Germany GmbH. All rights reserved.
License Information: 1 jiang, 1, LIC=VGXG8-3AULS-ARKXW-QGC04-YBSK3-LHEMZ
 
Tool Versions:
Toolchain:       MDK-ARM Plus  Version: 5.30.0.0
Toolchain Path:  D:\Keil5\ARM\ARMCLANG\Bin
C Compiler:      ArmClang.exe V6.14
Assembler:       Armasm.exe V6.14
Linker/Locator:  ArmLink.exe V6.14
Library Manager: ArmAr.exe V6.14
Hex Converter:   FromElf.exe V6.14
CPU DLL:         SARMCM3.DLL V5.30.0.0
Dialog DLL:      DCM.DLL V1.17.3.0
Target DLL:      Segger\JL2CM3.dll V2.99.38.0
Dialog DLL:      TCM.DLL V1.42.0.0
 
<h2>Project:</h2>
D:\研究生\东电磨抛项目\网口STM32代码\robot_f103ret6_only_for_damotou\MDK-ARM\robot_f103ret6.uvprojx
Project File Date:  10/22/2024

<h2>Output:</h2>
*** Using Compiler 'V6.14', folder: 'D:\Keil5\ARM\ARMCLANG\Bin'
Rebuild target 'robot_f103ret6'
compiling stm32f1xx_it.c...
compiling stm32f1xx_hal_timebase_tim.c...
assembling startup_stm32f103xe.s...
compiling freertos.c...
compiling stm32f1xx_hal_gpio_ex.c...
compiling stm32f1xx_hal_msp.c...
compiling stm32f1xx_hal.c...
compiling stm32f1xx_hal_cortex.c...
compiling stm32f1xx_hal_rcc_ex.c...
compiling main.cpp...
compiling stm32f1xx_hal_gpio.c...
compiling stm32f1xx_hal_dma.c...
compiling stm32f1xx_hal_adc.c...
compiling stm32f1xx_hal_rcc.c...
compiling stm32f1xx_hal_adc_ex.c...
compiling stm32f1xx_hal_pwr.c...
compiling stm32f1xx_hal_flash.c...
compiling stm32f1xx_hal_exti.c...
compiling stm32f1xx_hal_flash_ex.c...
compiling stm32f1xx_hal_can.c...
compiling croutine.c...
compiling event_groups.c...
compiling list.c...
compiling system_stm32f1xx.c...
compiling stm32f1xx_hal_tim_ex.c...
compiling stream_buffer.c...
compiling stm32f1xx_hal_spi.c...
compiling queue.c...
compiling timers.c...
compiling stm32f1xx_hal_uart.c...
compiling port.c...
compiling heap_4.c...
compiling w5500.c...
compiling tasks.c...
compiling wizchip_conf.c...
compiling socket.c...
compiling stm32f1xx_hal_tim.c...
compiling cmsis_os2.c...
compiling stm32f1xx_hal_i2c.c...
compiling adsorption_fan_tsk.cpp...
compiling at24cxx.c...
compiling cmd_tsk.cpp...
compiling adsorption_motion_tsk.cpp...
compiling can.c...
compiling w5500_dev.c...
compiling steerwheel_tsk.cpp...
compiling feedForwardPid.cpp...
compiling VESC_CAN.c...
compiling pid.cpp...
compiling ethernet_data_tsk.cpp...
compiling stagePid.cpp...
../App/Src/default_start_tsk.cpp(180): warning: format specifies type 'unsigned int *' but the argument has type 'std::uint16_t *' (aka 'unsigned short *') [-Wformat]
                sscanf(cmd_s[1], "%u", (uint16_t *)&(freq));
                                  ~~   ^~~~~~~~~~~~~~~~~~~
                                  %hu
1 warning generated.
compiling default_start_tsk.cpp...
linking...
Program Size: Code=61656 RO-data=2100 RW-data=92 ZI-data=28884  
FromELF: creating hex file...
"robot_f103ret6\robot_f103ret6.axf" - 0 Error(s), 1 Warning(s).

<h2>Software Packages used:</h2>

Package Vendor: ARM
                http://www.keil.com/pack/ARM.CMSIS.5.7.0.pack
                ARM.CMSIS.5.7.0
                CMSIS (Cortex Microcontroller Software Interface Standard)
   * Component: CORE Version: 5.4.0

Package Vendor: Keil
                https://www.keil.com/pack/Keil.STM32F1xx_DFP.2.4.1.pack
                Keil.STM32F1xx_DFP.2.4.1
                STMicroelectronics STM32F1 Series Device Support, Drivers and Examples

<h2>Collection of Component include folders:</h2>
  .\RTE\_robot_f103ret6
  D:\Keil5\Pack\ARM\CMSIS\5.7.0\CMSIS\Core\Include
  D:\Keil5\Pack\Keil\STM32F1xx_DFP\2.4.1\Device\Include

<h2>Collection of Component Files used:</h2>

   * Component: ARM::CMSIS:CORE:5.4.0
      Include file:  CMSIS\Core\Include\tz_context.h
Build Time Elapsed:  00:00:02
</pre>
</body>
</html>
